[INFO] Scanning for projects...
[INFO] 
[INFO] -----------------------< br.com.cantina:Cantina >-----------------------
[INFO] Building Cantina 0.0.1-SNAPSHOT
[INFO]   from pom.xml
[INFO] --------------------------------[ jar ]---------------------------------
[INFO] 
[INFO] >>> spring-boot:4.1.0:run (default-cli) > test-compile @ Cantina >>>
[INFO] 
[INFO] --- resources:3.5.0:resources (default-resources) @ Cantina ---
[INFO] Copying 2 resources from src/main/resources to target/classes
[INFO] Copying 2 resources from src/main/resources to target/classes
[INFO] 
[INFO] --- compiler:3.15.0:compile (default-compile) @ Cantina ---
[INFO] Nothing to compile - all classes are up to date.
[INFO] 
[INFO] --- resources:3.5.0:testResources (default-testResources) @ Cantina ---
[INFO] skip non existing resourceDirectory /Users/user/Desktop/Cantina-Thiago/Cantina/src/test/resources
[INFO] 
[INFO] --- compiler:3.15.0:testCompile (default-testCompile) @ Cantina ---
[INFO] Recompiling the module because of changed source code.
[INFO] Compiling 1 source file with javac [debug parameters release 21] to target/test-classes
[INFO] 
[INFO] <<< spring-boot:4.1.0:run (default-cli) < test-compile @ Cantina <<<
[INFO] 
[INFO] 
[INFO] --- spring-boot:4.1.0:run (default-cli) @ Cantina ---
[INFO] Attaching agents: []

  .   ____          _            __ _ _
 /\\ / ___'_ __ _ _(_)_ __  __ _ \ \ \ \
( ( )\___ | '_ | '_| | '_ \/ _` | \ \ \ \
 \\/  ___)| |_)| | | | | || (_| |  ) ) ) )
  '  |____| .__|_| |_|_| |_\__, | / / / /
 =========|_|==============|___/=/_/_/_/

 :: Spring Boot ::                (v4.1.0)

2026-08-24T01:43:20.253-03:00  INFO 84686 --- [Cantina] [           main] b.c.cantina.Cantina.CantinaApplication   : Starting CantinaApplication using Java 21.0.11 with PID 84686 (/Users/user/Desktop/Cantina-Thiago/Cantina/target/classes started by user in /Users/user/Desktop/Cantina-Thiago/Cantina)
2026-08-24T01:43:20.257-03:00  INFO 84686 --- [Cantina] [           main] b.c.cantina.Cantina.CantinaApplication   : The following 1 profile is active: "dev"
2026-08-24T01:43:20.956-03:00  INFO 84686 --- [Cantina] [           main] .s.d.r.c.RepositoryConfigurationDelegate : Bootstrapping Spring Data JPA repositories in DEFAULT mode.
2026-08-24T01:43:21.036-03:00  INFO 84686 --- [Cantina] [           main] .s.d.r.c.RepositoryConfigurationDelegate : Finished Spring Data repository scanning in 66 ms. Found 4 JPA repository interfaces.
2026-08-24T01:43:21.947-03:00  INFO 84686 --- [Cantina] [           main] o.s.boot.tomcat.TomcatWebServer          : Tomcat initialized with port 8080 (http)
2026-08-24T01:43:21.966-03:00  INFO 84686 --- [Cantina] [           main] o.apache.catalina.core.StandardService   : Starting service [Tomcat]
2026-08-24T01:43:21.967-03:00  INFO 84686 --- [Cantina] [           main] o.apache.catalina.core.StandardEngine    : Starting Servlet engine: [Apache Tomcat/11.0.22]
2026-08-24T01:43:22.032-03:00  INFO 84686 --- [Cantina] [           main] b.w.c.s.WebApplicationContextInitializer : Root WebApplicationContext: initialization completed in 1720 ms
2026-08-24T01:43:22.302-03:00  INFO 84686 --- [Cantina] [           main] com.zaxxer.hikari.HikariDataSource       : HikariPool-1 - Starting...
2026-08-24T01:43:22.738-03:00  INFO 84686 --- [Cantina] [           main] com.zaxxer.hikari.pool.HikariPool        : HikariPool-1 - Added connection com.mysql.cj.jdbc.ConnectionImpl@4052913c
2026-08-24T01:43:22.740-03:00  INFO 84686 --- [Cantina] [           main] com.zaxxer.hikari.HikariDataSource       : HikariPool-1 - Start completed.
2026-08-24T01:43:22.777-03:00  INFO 84686 --- [Cantina] [           main] org.flywaydb.core.FlywayExecutor         : Database: jdbc:mysql://localhost:3306/cantina (MySQL 26.7)
2026-08-24T01:43:22.812-03:00  WARN 84686 --- [Cantina] [           main] o.f.c.internal.database.base.Database    : Using MySQL 26.7 which is newer than the version Flyway has been verified with. The latest verified version of MySQL is 9.4.
2026-08-24T01:43:22.861-03:00  INFO 84686 --- [Cantina] [           main] o.f.core.internal.command.DbValidate     : Successfully validated 3 migrations (execution time 00:00.033s)
2026-08-24T01:43:22.878-03:00  INFO 84686 --- [Cantina] [           main] o.f.core.internal.command.DbMigrate      : Current version of schema `cantina`: 1
2026-08-24T01:43:22.895-03:00  INFO 84686 --- [Cantina] [           main] o.f.core.internal.command.DbMigrate      : Migrating schema `cantina` to version "2 - padronizar valores monetarios"
2026-08-24T01:43:22.968-03:00  INFO 84686 --- [Cantina] [           main] o.f.core.internal.command.DbMigrate      : Successfully applied 1 migration to schema `cantina`, now at version v2 (execution time 00:00.048s)
2026-08-24T01:43:23.068-03:00  INFO 84686 --- [Cantina] [           main] org.hibernate.orm.jpa                    : HHH008540: Processing PersistenceUnitInfo [name: default]
2026-08-24T01:43:23.124-03:00  INFO 84686 --- [Cantina] [           main] org.hibernate.orm.core                   : HHH000001: Hibernate ORM core version 7.4.1.Final
2026-08-24T01:43:23.595-03:00  INFO 84686 --- [Cantina] [           main] o.s.o.j.p.SpringPersistenceUnitInfo      : No LoadTimeWeaver setup: ignoring JPA class transformer
2026-08-24T01:43:23.691-03:00  INFO 84686 --- [Cantina] [           main] org.hibernate.orm.connections.pooling    : HHH10001005: Database info:
	Database JDBC URL [jdbc:mysql://localhost:3306/cantina]
	Database driver: MySQL Connector/J
	Database dialect: MySQLDialect
	Database version: 26.7
	Default catalog/schema: cantina/undefined
	Autocommit mode: undefined/unknown
	Isolation level: REPEATABLE_READ [default REPEATABLE_READ]
	JDBC fetch size: none
	Pool: DataSourceConnectionProvider
	Minimum pool size: undefined/unknown
	Maximum pool size: undefined/unknown
2026-08-24T01:43:24.874-03:00  INFO 84686 --- [Cantina] [           main] org.hibernate.orm.core                   : HHH000489: No JTA platform available (set 'hibernate.transaction.jta.platform' to enable JTA platform integration)
2026-08-24T01:43:24.926-03:00  INFO 84686 --- [Cantina] [           main] j.LocalContainerEntityManagerFactoryBean : Initialized JPA EntityManagerFactory for persistence unit 'default'
2026-08-24T01:43:25.028-03:00  INFO 84686 --- [Cantina] [           main] o.s.d.j.r.query.QueryEnhancerFactories   : Hibernate is in classpath; If applicable, HQL parser will be used.
2026-08-24T01:43:25.949-03:00  WARN 84686 --- [Cantina] [           main] JpaBaseConfiguration$JpaWebConfiguration : spring.jpa.open-in-view is enabled by default. Therefore, database queries may be performed during view rendering. Explicitly configure spring.jpa.open-in-view to disable this warning
2026-08-24T01:43:26.023-03:00  WARN 84686 --- [Cantina] [           main] .s.a.UserDetailsServiceAutoConfiguration : 

Using generated security password: 819c2c94-2f98-44b0-9c0a-8f631716b589

This generated password is for development use only. Your security configuration must be updated before running your application in production.

2026-08-24T01:43:26.032-03:00  INFO 84686 --- [Cantina] [           main] r$InitializeUserDetailsManagerConfigurer : Global AuthenticationManager configured with UserDetailsService bean with name inMemoryUserDetailsManager
2026-08-24T01:43:26.404-03:00  WARN 84686 --- [Cantina] [           main] ion$DefaultTemplateResolverConfiguration : Cannot find template location: classpath:/templates/ (please add some templates, check your Thymeleaf configuration, or set spring.thymeleaf.check-template-location=false)
2026-08-24T01:43:26.523-03:00  INFO 84686 --- [Cantina] [           main] o.s.boot.tomcat.TomcatWebServer          : Tomcat started on port 8080 (http) with context path '/'
2026-08-24T01:43:26.529-03:00  INFO 84686 --- [Cantina] [           main] b.c.cantina.Cantina.CantinaApplication   : Started CantinaApplication in 6.727 seconds (process running for 7.116)
2026-08-24T01:44:34.067-03:00  INFO 84686 --- [Cantina] [nio-8080-exec-1] o.a.c.c.C.[Tomcat].[localhost].[/]       : Initializing Spring DispatcherServlet 'dispatcherServlet'
2026-08-24T01:44:34.068-03:00  INFO 84686 --- [Cantina] [nio-8080-exec-1] o.s.web.servlet.DispatcherServlet        : Initializing Servlet 'dispatcherServlet'
2026-08-24T01:44:34.071-03:00  INFO 84686 --- [Cantina] [nio-8080-exec-1] o.s.web.servlet.DispatcherServlet        : Completed initialization in 3 ms
Hibernate: select u1_0.id,u1_0.ativo,u1_0.cpf,u1_0.email,u1_0.nome,u1_0.perfil,u1_0.senha,u1_0.telefone from usuario u1_0 where u1_0.id=?
Hibernate: select p1_0.id,p1_0.ativo,p1_0.categoria_produto,p1_0.descricao,p1_0.nome,p1_0.preco,p1_0.quantidade_disponivel_hoje,p1_0.tempo_preparo_minutos from produto p1_0 where p1_0.id=?
Hibernate: select u1_0.id,u1_0.ativo,u1_0.cpf,u1_0.email,u1_0.nome,u1_0.perfil,u1_0.senha,u1_0.telefone from usuario u1_0 where u1_0.id=?
Hibernate: select p1_0.id,p1_0.ativo,p1_0.categoria_produto,p1_0.descricao,p1_0.nome,p1_0.preco,p1_0.quantidade_disponivel_hoje,p1_0.tempo_preparo_minutos from produto p1_0 where p1_0.id=?
Hibernate: select p1_0.id,p1_0.ativo,p1_0.categoria_produto,p1_0.descricao,p1_0.nome,p1_0.preco,p1_0.quantidade_disponivel_hoje,p1_0.tempo_preparo_minutos from produto p1_0 where p1_0.id=?
Hibernate: insert into pedido (data_hora_pedido,horario_estimado_retirada,status,usuario_id,valor_total) values (?,?,?,?,?)
Hibernate: insert into item_pedido (nome,pedido_id,preco,produto_id) values (?,?,?,?)
Hibernate: insert into item_pedido (nome,pedido_id,preco,produto_id) values (?,?,?,?)
Hibernate: select p1_0.id,p1_0.ativo,p1_0.categoria_produto,p1_0.descricao,p1_0.nome,p1_0.preco,p1_0.quantidade_disponivel_hoje,p1_0.tempo_preparo_minutos from produto p1_0 where p1_0.id=?
Hibernate: select p1_0.id,p1_0.data_hora_pedido,p1_0.horario_estimado_retirada,p1_0.status,p1_0.usuario_id,u1_0.id,u1_0.ativo,u1_0.cpf,u1_0.email,u1_0.nome,u1_0.perfil,u1_0.senha,u1_0.telefone,p1_0.valor_total from pedido p1_0 join usuario u1_0 on u1_0.id=p1_0.usuario_id where p1_0.id=?
Hibernate: insert into item_pedido (nome,pedido_id,preco,produto_id) values (?,?,?,?)
Hibernate: select ip1_0.id,ip1_0.nome,ip1_0.pedido_id,ip1_0.preco,ip1_0.produto_id from item_pedido ip1_0 where ip1_0.pedido_id=?
Hibernate: select p1_0.id,p1_0.ativo,p1_0.categoria_produto,p1_0.descricao,p1_0.nome,p1_0.preco,p1_0.quantidade_disponivel_hoje,p1_0.tempo_preparo_minutos from produto p1_0 where p1_0.id=?
Hibernate: update pedido set data_hora_pedido=?,horario_estimado_retirada=?,status=?,usuario_id=?,valor_total=? where id=?
Hibernate: select ip1_0.id,ip1_0.nome,ip1_0.pedido_id,p1_0.id,p1_0.data_hora_pedido,p1_0.horario_estimado_retirada,p1_0.status,p1_0.usuario_id,u1_0.id,u1_0.ativo,u1_0.cpf,u1_0.email,u1_0.nome,u1_0.perfil,u1_0.senha,u1_0.telefone,p1_0.valor_total,ip1_0.preco,p2_0.id,p2_0.ativo,p2_0.categoria_produto,p2_0.descricao,p2_0.nome,p2_0.preco,p2_0.quantidade_disponivel_hoje,p2_0.tempo_preparo_minutos from item_pedido ip1_0 join pedido p1_0 on p1_0.id=ip1_0.pedido_id join usuario u1_0 on u1_0.id=p1_0.usuario_id left join produto p2_0 on p2_0.id=ip1_0.produto_id where ip1_0.id=?
Hibernate: delete from item_pedido where id=?
Hibernate: select ip1_0.id,ip1_0.nome,ip1_0.pedido_id,ip1_0.preco,ip1_0.produto_id from item_pedido ip1_0 where ip1_0.pedido_id=?
Hibernate: select p1_0.id,p1_0.ativo,p1_0.categoria_produto,p1_0.descricao,p1_0.nome,p1_0.preco,p1_0.quantidade_disponivel_hoje,p1_0.tempo_preparo_minutos from produto p1_0 where p1_0.id=?
Hibernate: update pedido set data_hora_pedido=?,horario_estimado_retirada=?,status=?,usuario_id=?,valor_total=? where id=?
Hibernate: select p1_0.id,p1_0.data_hora_pedido,p1_0.horario_estimado_retirada,p1_0.status,p1_0.usuario_id,u1_0.id,u1_0.ativo,u1_0.cpf,u1_0.email,u1_0.nome,u1_0.perfil,u1_0.senha,u1_0.telefone,p1_0.valor_total from pedido p1_0 join usuario u1_0 on u1_0.id=p1_0.usuario_id where p1_0.id=?
Hibernate: select i1_0.pedido_id,i1_0.id,i1_0.nome,i1_0.preco,p2_0.id,p2_0.ativo,p2_0.categoria_produto,p2_0.descricao,p2_0.nome,p2_0.preco,p2_0.quantidade_disponivel_hoje,p2_0.tempo_preparo_minutos from item_pedido i1_0 left join produto p2_0 on p2_0.id=i1_0.produto_id where i1_0.pedido_id=?
